1.1 ロンドンはイギリスの大都市です。
1.2 フランスの大統領は誰ですか?
1.3 アメリカの首都はどこですか?
1.4 バラク・オバマはいつ生まれましたか?
